debug 2026/01/05 13:34:42 Processing 14 scanned APs, 0 known profiles
debug 2026/01/05 13:34:42 Loaded 14 cached networks
debug 2026/01/05 13:34:42 Fetching known networks...
debug 2026/01/05 13:34:42 Getting Wi-Fi status...
debug 2026/01/05 13:34:42 Executing nmcli command: [nmcli -m multiline connection show --order name]
debug 2026/01/05 13:34:42 Executing nmcli command: [nmcli radio wifi]
debug 2026/01/05 13:34:42 Fetching Wi-Fi networks (rescan: true)...
debug 2026/01/05 13:34:42 Executing nmcli command: [nmcli -m multiline device wifi list --rescan yes]
debug 2026/01/05 13:34:42 Wi-Fi status: enabled (enabled: true)
debug 2026/01/05 13:34:42 Fetching Wi-Fi networks (rescan: true)...
debug 2026/01/05 13:34:42 Fetching known networks...
debug 2026/01/05 13:34:42 Executing nmcli command: [nmcli -m multiline device wifi list --rescan yes]
debug 2026/01/05 13:34:42 Executing nmcli command: [nmcli -m multiline connection show --order name]
debug 2026/01/05 13:34:42 parseNmcliMultilineOutput: Parsed 8 records from 32 lines
debug 2026/01/05 13:34:42 Got 8 total profiles
debug 2026/01/05 13:34:42 Executing nmcli command: [nmcli -m multiline connection show --order name --active]
debug 2026/01/05 13:34:42 parseNmcliMultilineOutput: Parsed 3 records from 12 lines
debug 2026/01/05 13:34:42 Found active Wi-Fi: JioFiber-Sagnik5GH (device: wlo1)
debug 2026/01/05 13:34:42 Found 4 known Wi-Fi profiles, active: true
debug 2026/01/05 13:34:42 Processing 14 scanned APs, 4 known profiles
debug 2026/01/05 13:34:42 parseNmcliMultilineOutput: Parsed 8 records from 32 lines
debug 2026/01/05 13:34:42 Got 8 total profiles
debug 2026/01/05 13:34:42 Executing nmcli command: [nmcli -m multiline connection show --order name --active]
debug 2026/01/05 13:34:42 parseNmcliMultilineOutput: Parsed 3 records from 12 lines
debug 2026/01/05 13:34:42 Found active Wi-Fi: JioFiber-Sagnik5GH (device: wlo1)
debug 2026/01/05 13:34:42 Found 4 known Wi-Fi profiles, active: true
debug 2026/01/05 13:34:42 Processing 14 scanned APs, 4 known profiles
debug 2026/01/05 13:34:45 parseNmcliMultilineOutput: Parsed 13 records from 117 lines
debug 2026/01/05 13:34:45 Fetched 13 Wi-Fi networks
debug 2026/01/05 13:34:45 Processing 13 scanned APs, 4 known profiles
debug 2026/01/05 13:34:45 parseNmcliMultilineOutput: Parsed 13 records from 117 lines
debug 2026/01/05 13:34:45 Fetched 13 Wi-Fi networks
debug 2026/01/05 13:34:45 Processing 13 scanned APs, 4 known profiles
